Archive member included to satisfy reference by file (symbol)

c:/program files (x86)/gnu tools arm embedded/5.3 2016q1/bin/../lib/gcc/arm-none-eabi/5.3.1/../../../../arm-none-eabi/lib/armv7-m\libc.a(lib_a-impure.o)
                              ..\obj\printf.o (_impure_ptr)
c:/program files (x86)/gnu tools arm embedded/5.3 2016q1/bin/../lib/gcc/arm-none-eabi/5.3.1/../../../../arm-none-eabi/lib/armv7-m\libc.a(lib_a-malloc.o)
                              ..\obj\usbd_conf.o (free)
c:/program files (x86)/gnu tools arm embedded/5.3 2016q1/bin/../lib/gcc/arm-none-eabi/5.3.1/../../../../arm-none-eabi/lib/armv7-m\libc.a(lib_a-mallocr.o)
                              c:/program files (x86)/gnu tools arm embedded/5.3 2016q1/bin/../lib/gcc/arm-none-eabi/5.3.1/../../../../arm-none-eabi/lib/armv7-m\libc.a(lib_a-malloc.o) (_malloc_r)
c:/program files (x86)/gnu tools arm embedded/5.3 2016q1/bin/../lib/gcc/arm-none-eabi/5.3.1/../../../../arm-none-eabi/lib/armv7-m\libc.a(lib_a-mlock.o)
                              c:/program files (x86)/gnu tools arm embedded/5.3 2016q1/bin/../lib/gcc/arm-none-eabi/5.3.1/../../../../arm-none-eabi/lib/armv7-m\libc.a(lib_a-mallocr.o) (__malloc_lock)
c:/program files (x86)/gnu tools arm embedded/5.3 2016q1/bin/../lib/gcc/arm-none-eabi/5.3.1/../../../../arm-none-eabi/lib/armv7-m\libc.a(lib_a-sbrkr.o)
                              c:/program files (x86)/gnu tools arm embedded/5.3 2016q1/bin/../lib/gcc/arm-none-eabi/5.3.1/../../../../arm-none-eabi/lib/armv7-m\libc.a(lib_a-mallocr.o) (_sbrk_r)
c:/program files (x86)/gnu tools arm embedded/5.3 2016q1/bin/../lib/gcc/arm-none-eabi/5.3.1/../../../../arm-none-eabi/lib/armv7-m\libc.a(lib_a-freer.o)
                              c:/program files (x86)/gnu tools arm embedded/5.3 2016q1/bin/../lib/gcc/arm-none-eabi/5.3.1/../../../../arm-none-eabi/lib/armv7-m\libc.a(lib_a-malloc.o) (_free_r)
c:/program files (x86)/gnu tools arm embedded/5.3 2016q1/bin/../lib/gcc/arm-none-eabi/5.3.1/../../../../arm-none-eabi/lib/armv7-m\libc.a(lib_a-reent.o)
                              c:/program files (x86)/gnu tools arm embedded/5.3 2016q1/bin/../lib/gcc/arm-none-eabi/5.3.1/../../../../arm-none-eabi/lib/armv7-m\libc.a(lib_a-sbrkr.o) (errno)

Allocating common symbols
Common symbol       size              file

hUsbDeviceFS        0x224             ..\obj\usb_device.o
hUsbDevice_0        0x4               ..\obj\usbd_cdc_if.o
errno               0x4               c:/program files (x86)/gnu tools arm embedded/5.3 2016q1/bin/../lib/gcc/arm-none-eabi/5.3.1/../../../../arm-none-eabi/lib/armv7-m\libc.a(lib_a-reent.o)
pFlash              0x20              ..\obj\stm32f1xx_hal_flash.o
UserRxBufferFS      0x80              ..\obj\usbd_cdc_if.o
huart1              0x44              ..\obj\uart.o
UserTxBufferFS      0x80              ..\obj\usbd_cdc_if.o
hpcd_USB_FS         0x420             ..\obj\usbd_conf.o
USBD_StrDesc        0x200             ..\obj\usbd_desc.o

Discarded input sections

 .text          0x00000000        0x0 ..\obj\stm32f1xx_hal_rcc_ex.o
 .data          0x00000000        0x0 ..\obj\stm32f1xx_hal_rcc_ex.o
 .bss           0x00000000        0x0 ..\obj\stm32f1xx_hal_rcc_ex.o
 .text.HAL_RCCEx_GetPeriphCLKConfig
                0x00000000       0x60 ..\obj\stm32f1xx_hal_rcc_ex.o
 .rodata        0x00000000       0x12 ..\obj\stm32f1xx_hal_rcc_ex.o
 .text.HAL_RCCEx_GetPeriphCLKFreq
                0x00000000      0x1c8 ..\obj\stm32f1xx_hal_rcc_ex.o
 .text          0x00000000        0x0 ..\obj\semihosting.o
 .data          0x00000000        0x0 ..\obj\semihosting.o
 .bss           0x00000000       0x81 ..\obj\semihosting.o
 .text.SH_SendChar
                0x00000000       0x64 ..\obj\semihosting.o
 .text.SH_SendString
                0x00000000       0x20 ..\obj\semihosting.o
 .text.SH_GetChar
                0x00000000       0x40 ..\obj\semihosting.o
 .debug_info    0x00000000      0x13f ..\obj\semihosting.o
 .debug_abbrev  0x00000000       0xab ..\obj\semihosting.o
 .debug_aranges
                0x00000000       0x30 ..\obj\semihosting.o
 .debug_ranges  0x00000000       0x20 ..\obj\semihosting.o
 .debug_line    0x00000000      0x165 ..\obj\semihosting.o
 .debug_str     0x00000000      0x194 ..\obj\semihosting.o
 .comment       0x00000000       0x6f ..\obj\semihosting.o
 .debug_frame   0x00000000       0x7c ..\obj\semihosting.o
 .ARM.attributes
                0x00000000       0x33 ..\obj\semihosting.o
 .text          0x00000000        0x0 ..\obj\stm32f1xx_hal_pwr.o
 .data          0x00000000        0x0 ..\obj\stm32f1xx_hal_pwr.o
 .bss           0x00000000        0x0 ..\obj\stm32f1xx_hal_pwr.o
 .text.PWR_OverloadWfe
                0x00000000       0x10 ..\obj\stm32f1xx_hal_pwr.o
 .text.HAL_PWR_DeInit
                0x00000000       0x28 ..\obj\stm32f1xx_hal_pwr.o
 .text.HAL_PWR_EnableBkUpAccess
                0x00000000       0x34 ..\obj\stm32f1xx_hal_pwr.o
 .text.HAL_PWR_DisableBkUpAccess
                0x00000000       0x34 ..\obj\stm32f1xx_hal_pwr.o
[...]
Memory Configuration

Name             Origin             Length             Attributes
rom              0x08000000         0x00020000         xr
ram              0x20000000         0x00005000         xrw
*default*        0x00000000         0xffffffff

Linker script and memory map

                0x20005000                _eram = 0x20005000

.text           0x08000000     0x7758
 *(.isr_vector)
 .isr_vector    0x08000000      0x10c ..\obj\startup_stm32f103xb.o
                0x08000000                g_pfnVectors
 *(.text*)
 .text.HAL_RCCEx_PeriphCLKConfig
                0x0800010c      0x1e0 ..\obj\stm32f1xx_hal_rcc_ex.o
                0x0800010c                HAL_RCCEx_PeriphCLKConfig
 .text.HAL_Init
                0x080002ec       0x2c ..\obj\stm32f1xx_hal.o
                0x080002ec                HAL_Init
 .text.HAL_InitTick
                0x08000318       0x38 ..\obj\stm32f1xx_hal.o
                0x08000318                HAL_InitTick
 .text.HAL_IncTick
                0x08000350       0x1c ..\obj\stm32f1xx_hal.o
                0x08000350                HAL_IncTick
 .text.HAL_GetTick
                0x0800036c       0x14 ..\obj\stm32f1xx_hal.o
                0x0800036c                HAL_GetTick
 .text.HAL_Delay
                0x08000380       0x2c ..\obj\stm32f1xx_hal.o
                0x08000380                HAL_Delay
 .text.KS_Init  0x080003ac      0x1a8 ..\obj\keyscanner.o
                0x080003ac                KS_Init
 .text.KS_ScanForKeyPress
                0x08000554       0x48 ..\obj\keyscanner.o
                0x08000554                KS_ScanForKeyPress
 .text.KS_PrintScanLines
                0x0800059c       0x58 ..\obj\keyscanner.o
                0x0800059c                KS_PrintScanLines
 .text.KS_GpioPinInit
                0x080005f4       0x34 ..\obj\keyscanner.o
                0x080005f4                KS_GpioPinInit
 .text.NMI_Handler
                0x08000628        0xc ..\obj\stm32f1xx_it.o
                0x08000628                NMI_Handler
 .text.MemManage_Handler
                0x08000634        0x8 ..\obj\stm32f1xx_it.o
                0x08000634                MemManage_Handler
 .text.BusFault_Handler
                0x0800063c        0x8 ..\obj\stm32f1xx_it.o
                0x0800063c                BusFault_Handler
 .text.UsageFault_Handler
                0x08000644        0x8 ..\obj\stm32f1xx_it.o
                0x08000644                UsageFault_Handler
 .text.DebugMon_Handler
                0x0800064c        0x8 ..\obj\stm32f1xx_it.o
                0x0800064c                DebugMon_Handler
 .text.SysTick_Handler
                0x08000654       0x10 ..\obj\stm32f1xx_it.o
                0x08000654                SysTick_Handler
 .text.USB_LP_CAN1_RX0_IRQHandler
                0x08000664       0x14 ..\obj\stm32f1xx_it.o
                0x08000664                USB_LP_CAN1_RX0_IRQHandler
 .text.USART1_IRQHandler
                0x08000678       0x14 ..\obj\stm32f1xx_it.o
                0x08000678                USART1_IRQHandler
 .text.NVIC_SetPriorityGrouping
                0x0800068c       0x48 ..\obj\stm32f1xx_hal_cortex.o
 .text.NVIC_GetPriorityGrouping
                0x080006d4       0x1c ..\obj\stm32f1xx_hal_cortex.o
 .text.NVIC_EnableIRQ
                0x080006f0       0x30 ..\obj\stm32f1xx_hal_cortex.o
 .text.NVIC_SetPriority
                0x08000720       0x54 ..\obj\stm32f1xx_hal_cortex.o
 .text.NVIC_EncodePriority
                0x08000774       0x60 ..\obj\stm32f1xx_hal_cortex.o
 .text.SysTick_Config
                0x080007d4       0x44 ..\obj\stm32f1xx_hal_cortex.o
 .text.HAL_NVIC_SetPriorityGrouping
                0x08000818       0x18 ..\obj\stm32f1xx_hal_cortex.o
                0x08000818                HAL_NVIC_SetPriorityGrouping
 .text.HAL_NVIC_SetPriority
                0x08000830       0x38 ..\obj\stm32f1xx_hal_cortex.o
                0x08000830                HAL_NVIC_SetPriority
 .text.HAL_NVIC_EnableIRQ
                0x08000868       0x1c ..\obj\stm32f1xx_hal_cortex.o
                0x08000868                HAL_NVIC_EnableIRQ
 .text.HAL_SYSTICK_Config
                0x08000884       0x18 ..\obj\stm32f1xx_hal_cortex.o
                0x08000884                HAL_SYSTICK_Config
 .text.HAL_SYSTICK_CLKSourceConfig
                0x0800089c       0x38 ..\obj\stm32f1xx_hal_cortex.o
                0x0800089c                HAL_SYSTICK_CLKSourceConfig
 .text.HAL_SYSTICK_IRQHandler
                0x080008d4        0xc ..\obj\stm32f1xx_hal_cortex.o
                0x080008d4                HAL_SYSTICK_IRQHandler
 .text.HAL_SYSTICK_Callback
                0x080008e0        0xc ..\obj\stm32f1xx_hal_cortex.o
                0x080008e0                HAL_SYSTICK_Callback
 .text.SystemInit
                0x080008ec       0x68 ..\obj\system_stm32f1xx.o
                0x080008ec                SystemInit
 .text.HAL_RCC_OscConfig
                0x08000954     0x1028 ..\obj\stm32f1xx_hal_rcc.o
                0x08000954                HAL_RCC_OscConfig
 .text.HAL_RCC_ClockConfig
                0x0800197c      0x5dc ..\obj\stm32f1xx_hal_rcc.o
                0x0800197c                HAL_RCC_ClockConfig
 .text.HAL_RCC_MCOConfig
                0x08001f58       0x70 ..\obj\stm32f1xx_hal_rcc.o
                0x08001f58                HAL_RCC_MCOConfig
 .text.HAL_RCC_GetSysClockFreq
                0x08001fc8       0xf4 ..\obj\stm32f1xx_hal_rcc.o
                0x08001fc8                HAL_RCC_GetSysClockFreq
 .text.HAL_RCC_GetHCLKFreq
                0x080020bc       0x50 ..\obj\stm32f1xx_hal_rcc.o
                0x080020bc                HAL_RCC_GetHCLKFreq
 .text.HAL_RCC_GetPCLK1Freq
                0x0800210c       0x44 ..\obj\stm32f1xx_hal_rcc.o
                0x0800210c                HAL_RCC_GetPCLK1Freq
 .text.HAL_RCC_GetPCLK2Freq
                0x08002150       0x44 ..\obj\stm32f1xx_hal_rcc.o
                0x08002150                HAL_RCC_GetPCLK2Freq
 .text.UART_Init
                0x08002194       0x3c ..\obj\uart.o
                0x08002194                UART_Init
 .text.UART_SendChar
                0x080021d0       0x24 ..\obj\uart.o
                0x080021d0                UART_SendChar
 .text.HAL_PCD_Init
                0x080021f4      0x1b4 ..\obj\stm32f1xx_hal_pcd.o
                0x080021f4                HAL_PCD_Init
 .text.HAL_PCD_Start
                0x080023a8       0x4c ..\obj\stm32f1xx_hal_pcd.o
                0x080023a8                HAL_PCD_Start
 .text.HAL_PCD_IRQHandler
                0x080023f4      0x1f0 ..\obj\stm32f1xx_hal_pcd.o
                0x080023f4                HAL_PCD_IRQHandler
 .text.HAL_PCD_SetAddress
                0x080025e4       0x4c ..\obj\stm32f1xx_hal_pcd.o
                0x080025e4                HAL_PCD_SetAddress
 .text.HAL_PCD_EP_Open
                0x08002630       0xac ..\obj\stm32f1xx_hal_pcd.o
                0x08002630                HAL_PCD_EP_Open
 .text.HAL_PCD_EP_Close
                0x080026dc       0x8c ..\obj\stm32f1xx_hal_pcd.o
                0x080026dc                HAL_PCD_EP_Close
 .text.HAL_PCD_EP_Receive
                0x08002768       0x98 ..\obj\stm32f1xx_hal_pcd.o
                0x08002768                HAL_PCD_EP_Receive
 .text.HAL_PCD_EP_GetRxCount
                0x08002800       0x2c ..\obj\stm32f1xx_hal_pcd.o
                0x08002800                HAL_PCD_EP_GetRxCount
 .text.HAL_PCD_EP_Transmit
                0x0800282c       0x94 ..\obj\stm32f1xx_hal_pcd.o
                0x0800282c                HAL_PCD_EP_Transmit
 .text.HAL_PCD_EP_SetStall
                0x080028c0       0xac ..\obj\stm32f1xx_hal_pcd.o
                0x080028c0                HAL_PCD_EP_SetStall
 .text.HAL_PCD_EP_ClrStall
                0x0800296c       0x90 ..\obj\stm32f1xx_hal_pcd.o
                0x0800296c                HAL_PCD_EP_ClrStall
 .text.PCD_EP_ISR_Handler
                0x080029fc      0x65c ..\obj\stm32f1xx_hal_pcd.o
 .text.USBD_Init
                0x08003058       0x58 ..\obj\usbd_core.o
                0x08003058                USBD_Init
 .text.USBD_RegisterClass
                0x080030b0       0x34 ..\obj\usbd_core.o
                0x080030b0                USBD_RegisterClass
 .text.USBD_Start
                0x080030e4       0x18 ..\obj\usbd_core.o
                0x080030e4                USBD_Start
 .text.USBD_RunTestMode
                0x080030fc       0x14 ..\obj\usbd_core.o
                0x080030fc                USBD_RunTestMode
 .text.USBD_SetClassConfig
                0x08003110       0x40 ..\obj\usbd_core.o
                0x08003110                USBD_SetClassConfig
 .text.USBD_ClrClassConfig
                0x08003150       0x28 ..\obj\usbd_core.o
                0x08003150                USBD_ClrClassConfig
 .text.USBD_LL_SetupStage
                0x08003178       0x94 ..\obj\usbd_core.o
                0x08003178                USBD_LL_SetupStage
 .text.USBD_LL_DataOutStage
                0x0800320c       0xb8 ..\obj\usbd_core.o
                0x0800320c                USBD_LL_DataOutStage
 .text.USBD_LL_DataInStage
                0x080032c4      0x120 ..\obj\usbd_core.o
                0x080032c4                USBD_LL_DataInStage
 .text.USBD_LL_Reset
                0x080033e4       0x60 ..\obj\usbd_core.o
                0x080033e4                USBD_LL_Reset
 .text.USBD_LL_SetSpeed
                0x08003444       0x20 ..\obj\usbd_core.o
                0x08003444                USBD_LL_SetSpeed
 .text.USBD_LL_Suspend
                0x08003464       0x28 ..\obj\usbd_core.o
                0x08003464                USBD_LL_Suspend
 .text.USBD_LL_Resume
                0x0800348c       0x20 ..\obj\usbd_core.o
                0x0800348c                USBD_LL_Resume
 .text.USBD_LL_SOF
                0x080034ac       0x34 ..\obj\usbd_core.o
                0x080034ac                USBD_LL_SOF
 .text.main     0x080034e0       0x64 ..\obj\main.o
                0x080034e0                main
 .text.SystemClock_Config
                0x08003544       0xa0 ..\obj\main.o
                0x08003544                SystemClock_Config
 .text.MX_GPIO_Init
                0x080035e4       0x74 ..\obj\main.o
 .text.Reset_Handler
                0x08003658       0x44 ..\obj\startup_stm32f103xb.o
                0x08003658                Reset_Handler
 .text.Default_Handler
                0x0800369c        0x2 ..\obj\startup_stm32f103xb.o
                0x0800369c                RTC_Alarm_IRQHandler
                0x0800369c                EXTI2_IRQHandler
                0x0800369c                TIM1_CC_IRQHandler
                0x0800369c                PVD_IRQHandler
                0x0800369c                PendSV_Handler
                0x0800369c                EXTI3_IRQHandler
                0x0800369c                EXTI0_IRQHandler
                0x0800369c                I2C2_EV_IRQHandler
                0x0800369c                ADC1_2_IRQHandler
                0x0800369c                SPI1_IRQHandler
                0x0800369c                TAMPER_IRQHandler
                0x0800369c                DMA1_Channel4_IRQHandler
                0x0800369c                USART3_IRQHandler
                0x0800369c                RTC_IRQHandler
                0x0800369c                DMA1_Channel7_IRQHandler
                0x0800369c                CAN1_RX1_IRQHandler
                0x0800369c                TIM4_IRQHandler
                0x0800369c                I2C1_EV_IRQHandler
                0x0800369c                DMA1_Channel6_IRQHandler
                0x0800369c                TIM3_IRQHandler
                0x0800369c                RCC_IRQHandler
                0x0800369c                TIM1_TRG_COM_IRQHandler
                0x0800369c                DMA1_Channel1_IRQHandler
                0x0800369c                Default_Handler
                0x0800369c                EXTI15_10_IRQHandler
                0x0800369c                EXTI9_5_IRQHandler
                0x0800369c                SPI2_IRQHandler
                0x0800369c                SVC_Handler
                0x0800369c                DMA1_Channel5_IRQHandler
                0x0800369c                EXTI4_IRQHandler
                0x0800369c                USB_HP_CAN1_TX_IRQHandler
                0x0800369c                DMA1_Channel3_IRQHandler
                0x0800369c                TIM1_UP_IRQHandler
                0x0800369c                WWDG_IRQHandler
                0x0800369c                TIM2_IRQHandler
                0x0800369c                TIM1_BRK_IRQHandler
                0x0800369c                EXTI1_IRQHandler
                0x0800369c                USART2_IRQHandler
                0x0800369c                I2C2_ER_IRQHandler
                0x0800369c                DMA1_Channel2_IRQHandler
                0x0800369c                CAN1_SCE_IRQHandler
                0x0800369c                FLASH_IRQHandler
                0x0800369c                I2C1_ER_IRQHandler
                0x0800369c                USBWakeUp_IRQHandler
 *fill*         0x0800369e        0x2 
 .text.HAL_USART_Init
                0x080036a0       0x84 ..\obj\stm32f1xx_hal_usart.o
                0x080036a0                HAL_USART_Init
 .text.HAL_USART_Transmit
                0x08003724      0x11c ..\obj\stm32f1xx_hal_usart.o
                0x08003724                HAL_USART_Transmit
 .text.HAL_USART_IRQHandler
                0x08003840      0x1d4 ..\obj\stm32f1xx_hal_usart.o
                0x08003840                HAL_USART_IRQHandler
 .text.HAL_USART_TxCpltCallback
                0x08003a14       0x14 ..\obj\stm32f1xx_hal_usart.o
                0x08003a14                HAL_USART_TxCpltCallback
 .text.HAL_USART_RxCpltCallback
                0x08003a28       0x14 ..\obj\stm32f1xx_hal_usart.o
                0x08003a28                HAL_USART_RxCpltCallback
 .text.HAL_USART_TxRxCpltCallback
                0x08003a3c       0x14 ..\obj\stm32f1xx_hal_usart.o
                0x08003a3c                HAL_USART_TxRxCpltCallback
 .text.HAL_USART_ErrorCallback
                0x08003a50       0x14 ..\obj\stm32f1xx_hal_usart.o
                0x08003a50                HAL_USART_ErrorCallback
 .text.USART_WaitOnFlagUntilTimeout
                0x08003a64      0x134 ..\obj\stm32f1xx_hal_usart.o
 .text.USART_Transmit_IT
                0x08003b98       0xac ..\obj\stm32f1xx_hal_usart.o
 .text.USART_EndTransmit_IT
                0x08003c44       0x40 ..\obj\stm32f1xx_hal_usart.o
 .text.USART_Receive_IT
                0x08003c84      0x138 ..\obj\stm32f1xx_hal_usart.o
 .text.USART_TransmitReceive_IT
                0x08003dbc      0x1b4 ..\obj\stm32f1xx_hal_usart.o
 .text.USART_SetConfig
                0x08003f70      0x198 ..\obj\stm32f1xx_hal_usart.o
 .text.USB_CoreInit
                0x08004108       0x20 ..\obj\stm32f1xx_ll_usb.o
                0x08004108                USB_CoreInit
 .text.USB_EnableGlobalInt
                0x08004128       0x34 ..\obj\stm32f1xx_ll_usb.o
                0x08004128                USB_EnableGlobalInt
 .text.USB_DisableGlobalInt
                0x0800415c       0x38 ..\obj\stm32f1xx_ll_usb.o
                0x0800415c                USB_DisableGlobalInt
 .text.USB_SetCurrentMode
                0x08004194       0x18 ..\obj\stm32f1xx_ll_usb.o
                0x08004194                USB_SetCurrentMode
 .text.USB_DevInit
                0x080041ac       0x40 ..\obj\stm32f1xx_ll_usb.o
                0x080041ac                USB_DevInit
 .text.USB_ActivateEndpoint
                0x080041ec      0x590 ..\obj\stm32f1xx_ll_usb.o
                0x080041ec                USB_ActivateEndpoint
 .text.USB_DeactivateEndpoint
                0x0800477c      0x310 ..\obj\stm32f1xx_ll_usb.o
                0x0800477c                USB_DeactivateEndpoint
 .text.USB_EPStartXfer
                0x08004a8c      0x51c ..\obj\stm32f1xx_ll_usb.o
                0x08004a8c                USB_EPStartXfer
 .text.USB_EPSetStall
                0x08004fa8       0xc0 ..\obj\stm32f1xx_ll_usb.o
                0x08004fa8                USB_EPSetStall
 .text.USB_EPClearStall
                0x08005068      0x114 ..\obj\stm32f1xx_ll_usb.o
                0x08005068                USB_EPClearStall
 .text.USB_SetDevAddress
                0x0800517c       0x28 ..\obj\stm32f1xx_ll_usb.o
                0x0800517c                USB_SetDevAddress
 .text.USB_DevConnect
                0x080051a4       0x14 ..\obj\stm32f1xx_ll_usb.o
                0x080051a4                USB_DevConnect
 .text.USB_DevDisconnect
                0x080051b8       0x14 ..\obj\stm32f1xx_ll_usb.o
                0x080051b8                USB_DevDisconnect
 .text.USB_ReadInterrupts
                0x080051cc       0x24 ..\obj\stm32f1xx_ll_usb.o
                0x080051cc                USB_ReadInterrupts
 .text.USB_EP0_OutStart
                0x080051f0       0x18 ..\obj\stm32f1xx_ll_usb.o
                0x080051f0                USB_EP0_OutStart
 .text.USB_WritePMA
                0x08005208       0x8c ..\obj\stm32f1xx_ll_usb.o
                0x08005208                USB_WritePMA
 .text.USB_ReadPMA
                0x08005294       0x6c ..\obj\stm32f1xx_ll_usb.o
                0x08005294                USB_ReadPMA
 .text.PrintChar
                0x08005300       0x1c ..\obj\printf.o
                0x08005300                PrintChar
 .text.PutChar  0x0800531c       0x20 ..\obj\printf.o
                0x0800531c                PutChar
 .text.PutString
                0x0800533c       0x3c ..\obj\printf.o
                0x0800533c                PutString
 .text.PutUnsignedInt
                0x08005378       0x9c ..\obj\printf.o
                0x08005378                PutUnsignedInt
 .text.PutSignedInt
                0x08005414       0xf8 ..\obj\printf.o
                0x08005414                PutSignedInt
 .text.PutHexa  0x0800550c       0xd4 ..\obj\printf.o
                0x0800550c                PutHexa
 .text.vsnprintf
                0x080055e0      0x254 ..\obj\printf.o
                0x080055e0                vsnprintf
 .text.vsprintf
                0x08005834       0x24 ..\obj\printf.o
                0x08005834                vsprintf
 .text.vfprintf
                0x08005858       0x68 ..\obj\printf.o
                0x08005858                vfprintf
 .text.vprintf  0x080058c0       0x28 ..\obj\printf.o
                0x080058c0                vprintf
 .text.printf   0x080058e8       0x28 ..\obj\printf.o
                0x080058e8                printf
 .text.fputc    0x08005910       0x40 ..\obj\printf.o
                0x08005910                fputc
 .text.fputs    0x08005950       0x48 ..\obj\printf.o
                0x08005950                fputs
 .text.HAL_GPIO_Init
                0x08005998      0x2bc ..\obj\stm32f1xx_hal_gpio.o
                0x08005998                HAL_GPIO_Init
 .text.HAL_GPIO_WritePin
                0x08005c54       0x30 ..\obj\stm32f1xx_hal_gpio.o
                0x08005c54                HAL_GPIO_WritePin
 .text.USBD_FS_DeviceDescriptor
                0x08005c84       0x24 ..\obj\usbd_desc.o
                0x08005c84                USBD_FS_DeviceDescriptor
 .text.USBD_FS_LangIDStrDescriptor
                0x08005ca8       0x24 ..\obj\usbd_desc.o
                0x08005ca8                USBD_FS_LangIDStrDescriptor
 .text.USBD_FS_ProductStrDescriptor
                0x08005ccc       0x3c ..\obj\usbd_desc.o
                0x08005ccc                USBD_FS_ProductStrDescriptor
 .text.USBD_FS_ManufacturerStrDescriptor
                0x08005d08       0x28 ..\obj\usbd_desc.o
                0x08005d08                USBD_FS_ManufacturerStrDescriptor
 .text.USBD_FS_SerialStrDescriptor
                0x08005d30       0x3c ..\obj\usbd_desc.o
                0x08005d30                USBD_FS_SerialStrDescriptor
 .text.USBD_FS_ConfigStrDescriptor
                0x08005d6c       0x3c ..\obj\usbd_desc.o
                0x08005d6c                USBD_FS_ConfigStrDescriptor
 .text.USBD_FS_InterfaceStrDescriptor
                0x08005da8       0x3c ..\obj\usbd_desc.o
                0x08005da8                USBD_FS_InterfaceStrDescriptor
 .text.HAL_PCD_MspInit
                0x08005de4       0x4c ..\obj\usbd_conf.o
                0x08005de4                HAL_PCD_MspInit
 .text.HAL_PCD_SetupStageCallback
                0x08005e30       0x24 ..\obj\usbd_conf.o
                0x08005e30                HAL_PCD_SetupStageCallback
 .text.HAL_PCD_DataOutStageCallback
                0x08005e54       0x30 ..\obj\usbd_conf.o
                0x08005e54                HAL_PCD_DataOutStageCallback
 .text.HAL_PCD_DataInStageCallback
                0x08005e84       0x30 ..\obj\usbd_conf.o
                0x08005e84                HAL_PCD_DataInStageCallback
 .text.HAL_PCD_SOFCallback
                0x08005eb4       0x1c ..\obj\usbd_conf.o
                0x08005eb4                HAL_PCD_SOFCallback
 .text.HAL_PCD_ResetCallback
                0x08005ed0       0x44 ..\obj\usbd_conf.o
                0x08005ed0                HAL_PCD_ResetCallback
 .text.HAL_PCD_SuspendCallback
                0x08005f14       0x34 ..\obj\usbd_conf.o
                0x08005f14                HAL_PCD_SuspendCallback
 .text.HAL_PCD_ResumeCallback
                0x08005f48       0x1c ..\obj\usbd_conf.o
                0x08005f48                HAL_PCD_ResumeCallback
 .text.USBD_LL_Init
                0x08005f64       0xb0 ..\obj\usbd_conf.o
                0x08005f64                USBD_LL_Init
 .text.USBD_LL_Start
                0x08006014       0x20 ..\obj\usbd_conf.o
                0x08006014                USBD_LL_Start
 .text.USBD_LL_OpenEP
                0x08006034       0x34 ..\obj\usbd_conf.o
                0x08006034                USBD_LL_OpenEP
 .text.USBD_LL_CloseEP
                0x08006068       0x28 ..\obj\usbd_conf.o
                0x08006068                USBD_LL_CloseEP
 .text.USBD_LL_StallEP
                0x08006090       0x28 ..\obj\usbd_conf.o
                0x08006090                USBD_LL_StallEP
 .text.USBD_LL_ClearStallEP
                0x080060b8       0x28 ..\obj\usbd_conf.o
                0x080060b8                USBD_LL_ClearStallEP
 .text.USBD_LL_IsStallEP
                0x080060e0       0x4c ..\obj\usbd_conf.o
                0x080060e0                USBD_LL_IsStallEP
 .text.USBD_LL_SetUSBAddress
                0x0800612c       0x28 ..\obj\usbd_conf.o
                0x0800612c                USBD_LL_SetUSBAddress
 .text.USBD_LL_Transmit
                0x08006154       0x30 ..\obj\usbd_conf.o
                0x08006154                USBD_LL_Transmit
 .text.USBD_LL_PrepareReceive
                0x08006184       0x30 ..\obj\usbd_conf.o
                0x08006184                USBD_LL_PrepareReceive
 .text.USBD_LL_GetRxDataSize
                0x080061b4       0x28 ..\obj\usbd_conf.o
                0x080061b4                USBD_LL_GetRxDataSize
 .text.USBD_static_malloc
                0x080061dc       0x18 ..\obj\usbd_conf.o
                0x080061dc                USBD_static_malloc
 .text.USBD_static_free
                0x080061f4       0x18 ..\obj\usbd_conf.o
                0x080061f4                USBD_static_free
 .text.HAL_PCDEx_SetConnectionState
                0x0800620c       0x18 ..\obj\usbd_conf.o
                0x0800620c                HAL_PCDEx_SetConnectionState
 .text          0x08006224       0x26 ..\obj\sh_cmd.o
                0x08006224                SH_DoCommand
                0x08006236                HardFault_Handler
 *fill*         0x0800624a        0x2 
 .text._sbrk    0x0800624c       0x3c ..\obj\syscalls.o
                0x0800624c                _sbrk
 .text.HAL_MspInit
                0x08006288       0x6c ..\obj\stm32f1xx_hal_msp.o
                0x08006288                HAL_MspInit
 .text.HAL_USART_MspInit
                0x080062f4       0x74 ..\obj\stm32f1xx_hal_msp.o
                0x080062f4                HAL_USART_MspInit
 .text.USB_Control_Init
                0x08006368       0x50 ..\obj\usb_ctrl.o
                0x08006368                USB_Control_Init
 .text.USB_Control_Enable
                0x080063b8       0x18 ..\obj\usb_ctrl.o
                0x080063b8                USB_Control_Enable
 .text.USB_Control_Disable
                0x080063d0       0x18 ..\obj\usb_ctrl.o
                0x080063d0                USB_Control_Disable
 .text.USBD_CDC_Init
                0x080063e8       0xd4 ..\obj\usbd_cdc.o
 .text.USBD_CDC_DeInit
                0x080064bc       0x5c ..\obj\usbd_cdc.o
 .text.USBD_CDC_Setup
                0x08006518       0xbc ..\obj\usbd_cdc.o
 .text.USBD_CDC_DataIn
                0x080065d4       0x38 ..\obj\usbd_cdc.o
 .text.USBD_CDC_DataOut
                0x0800660c       0x58 ..\obj\usbd_cdc.o
 .text.USBD_CDC_EP0_RxReady
                0x08006664       0x50 ..\obj\usbd_cdc.o
 .text.USBD_CDC_GetFSCfgDesc
                0x080066b4       0x20 ..\obj\usbd_cdc.o
 .text.USBD_CDC_GetHSCfgDesc
                0x080066d4       0x20 ..\obj\usbd_cdc.o
 .text.USBD_CDC_GetOtherSpeedCfgDesc
                0x080066f4       0x20 ..\obj\usbd_cdc.o
 .text.USBD_CDC_GetDeviceQualifierDescriptor
                0x08006714       0x20 ..\obj\usbd_cdc.o
                0x08006714                USBD_CDC_GetDeviceQualifierDescriptor
 .text.USBD_CDC_RegisterInterface
                0x08006734       0x2c ..\obj\usbd_cdc.o
                0x08006734                USBD_CDC_RegisterInterface
 .text.USBD_CDC_SetTxBuffer
                0x08006760       0x34 ..\obj\usbd_cdc.o
                0x08006760                USBD_CDC_SetTxBuffer
 .text.USBD_CDC_SetRxBuffer
                0x08006794       0x28 ..\obj\usbd_cdc.o
                0x08006794                USBD_CDC_SetRxBuffer
 .text.USBD_CDC_ReceivePacket
                0x080067bc       0x54 ..\obj\usbd_cdc.o
                0x080067bc                USBD_CDC_ReceivePacket
 .text.USBD_StdDevReq
                0x08006810       0xa0 ..\obj\usbd_ctlreq.o
                0x08006810                USBD_StdDevReq
 .text.USBD_StdItfReq
                0x080068b0       0x68 ..\obj\usbd_ctlreq.o
                0x080068b0                USBD_StdItfReq
 .text.USBD_StdEPReq
                0x08006918      0x1b0 ..\obj\usbd_ctlreq.o
                0x08006918                USBD_StdEPReq
 .text.USBD_GetDescriptor
                0x08006ac8      0x1e8 ..\obj\usbd_ctlreq.o
 .text.USBD_SetAddress
                0x08006cb0       0x7c ..\obj\usbd_ctlreq.o
 .text.USBD_SetConfig
                0x08006d2c      0x110 ..\obj\usbd_ctlreq.o
 .text.USBD_GetConfig
                0x08006e3c       0x64 ..\obj\usbd_ctlreq.o
 .text.USBD_GetStatus
                0x08006ea0       0x54 ..\obj\usbd_ctlreq.o
 .text.USBD_SetFeature
                0x08006ef4       0x38 ..\obj\usbd_ctlreq.o
 .text.USBD_ClrFeature
                0x08006f2c       0x50 ..\obj\usbd_ctlreq.o
 .text.USBD_ParseSetupRequest
                0x08006f7c       0x78 ..\obj\usbd_ctlreq.o
                0x08006f7c                USBD_ParseSetupRequest
 .text.USBD_CtlError
                0x08006ff4       0x24 ..\obj\usbd_ctlreq.o
                0x08006ff4                USBD_CtlError
 .text.USBD_GetString
                0x08007018       0x88 ..\obj\usbd_ctlreq.o
                0x08007018                USBD_GetString
 .text.USBD_GetLen
                0x080070a0       0x30 ..\obj\usbd_ctlreq.o
 .text.HAL_PCDEx_PMAConfig
                0x080070d0       0x7c ..\obj\stm32f1xx_hal_pcd_ex.o
                0x080070d0                HAL_PCDEx_PMAConfig
 .text.CDC_Init_FS
                0x0800714c       0x3c ..\obj\usbd_cdc_if.o
 .text.CDC_DeInit_FS
                0x08007188       0x10 ..\obj\usbd_cdc_if.o
 .text.CDC_Control_FS
                0x08007198       0xbc ..\obj\usbd_cdc_if.o
 .text.CDC_Receive_FS
                0x08007254       0x30 ..\obj\usbd_cdc_if.o
 .text.USBD_CtlSendData
                0x08007284       0x38 ..\obj\usbd_ioreq.o
                0x08007284                USBD_CtlSendData
 .text.USBD_CtlContinueSendData
                0x080072bc       0x24 ..\obj\usbd_ioreq.o
                0x080072bc                USBD_CtlContinueSendData
 .text.USBD_CtlPrepareRx
                0x080072e0       0x3c ..\obj\usbd_ioreq.o
                0x080072e0                USBD_CtlPrepareRx
 .text.USBD_CtlContinueRx
                0x0800731c       0x24 ..\obj\usbd_ioreq.o
                0x0800731c                USBD_CtlContinueRx
 .text.USBD_CtlSendStatus
                0x08007340       0x28 ..\obj\usbd_ioreq.o
                0x08007340                USBD_CtlSendStatus
 .text.USBD_CtlReceiveStatus
                0x08007368       0x28 ..\obj\usbd_ioreq.o
                0x08007368                USBD_CtlReceiveStatus
 .text.MX_USB_DEVICE_Init
                0x08007390       0x38 ..\obj\usb_device.o
                0x08007390                MX_USB_DEVICE_Init
 .text.free     0x080073c8       0x10 c:/program files (x86)/gnu tools arm embedded/5.3 2016q1/bin/../lib/gcc/arm-none-eabi/5.3.1/../../../../arm-none-eabi/lib/armv7-m\libc.a(lib_a-malloc.o)
                0x080073c8                free
 .text.__malloc_lock
                0x080073d8        0x4 c:/program files (x86)/gnu tools arm embedded/5.3 2016q1/bin/../lib/gcc/arm-none-eabi/5.3.1/../../../../arm-none-eabi/lib/armv7-m\libc.a(lib_a-mlock.o)
                0x080073d8                __malloc_lock
 .text.__malloc_unlock
                0x080073dc        0x4 c:/program files (x86)/gnu tools arm embedded/5.3 2016q1/bin/../lib/gcc/arm-none-eabi/5.3.1/../../../../arm-none-eabi/lib/armv7-m\libc.a(lib_a-mlock.o)
                0x080073dc                __malloc_unlock
 .text._sbrk_r  0x080073e0       0x24 c:/program files (x86)/gnu tools arm embedded/5.3 2016q1/bin/../lib/gcc/arm-none-eabi/5.3.1/../../../../arm-none-eabi/lib/armv7-m\libc.a(lib_a-sbrkr.o)
                0x080073e0                _sbrk_r
 .text._malloc_trim_r
                0x08007404       0x9c c:/program files (x86)/gnu tools arm embedded/5.3 2016q1/bin/../lib/gcc/arm-none-eabi/5.3.1/../../../../arm-none-eabi/lib/armv7-m\libc.a(lib_a-freer.o)
                0x08007404                _malloc_trim_r
 .text._free_r  0x080074a0      0x1d0 c:/program files (x86)/gnu tools arm embedded/5.3 2016q1/bin/../lib/gcc/arm-none-eabi/5.3.1/../../../../arm-none-eabi/lib/armv7-m\libc.a(lib_a-freer.o)
                0x080074a0                _free_r
 *(.init)
 *(.fini)
 *crtbegin.o(.ctors)
 *crtbegin?.o(.ctors)
 *(EXCLUDE_FILE(*crtend.o *crtend?.o) .ctors)
 *(SORT(.ctors.*))
 *(.ctors)
 *crtbegin.o(.dtors)
 *crtbegin?.o(.dtors)
 *(EXCLUDE_FILE(*crtend.o *crtend?.o) .dtors)
 *(SORT(.dtors.*))
 *(.dtors)
 *(.rodata*)
 .rodata        0x08007670       0x21 ..\obj\keyscanner.o
 *fill*         0x08007691        0x3 
 .rodata        0x08007694       0x22 ..\obj\stm32f1xx_hal_rcc.o
                0x08007694                aAPBAHBPrescTable
 *fill*         0x080076b6        0x2 
 .rodata        0x080076b8       0x20 ..\obj\main.o
 .rodata        0x080076d8       0x24 ..\obj\printf.o
 .rodata        0x080076fc       0x56 ..\obj\usbd_desc.o
 *fill*         0x08007752        0x2 
 .rodata.str1.4
                0x08007754        0x4 c:/program files (x86)/gnu tools arm embedded/5.3 2016q1/bin/../lib/gcc/arm-none-eabi/5.3.1/../../../../arm-none-eabi/lib/armv7-m\libc.a(lib_a-impure.o)
                                  0x2 (size before relaxing)
 *(.eh_fram e*)

.glue_7         0x08007758        0x0
 .glue_7        0x08007758        0x0 linker stubs

.glue_7t        0x08007758        0x0
 .glue_7t       0x08007758        0x0 linker stubs

.vfp11_veneer   0x08007758        0x0
 .vfp11_veneer  0x08007758        0x0 linker stubs

.v4_bx          0x08007758        0x0
 .v4_bx         0x08007758        0x0 linker stubs

.iplt           0x08007758        0x0
 .iplt          0x08007758        0x0 ..\obj\stm32f1xx_hal_rcc_ex.o

.rel.dyn        0x08007758        0x0
 .rel.iplt      0x08007758        0x0 ..\obj\stm32f1xx_hal_rcc_ex.o

.ARM.extab
 *(.ARM.extab* .gnu.linkonce.armextab.*)
                0x08007758                __exidx_start = .

.ARM.exidx
 *(.ARM.exidx* .gnu.linkonce.armexidx.*)
                0x08007758                __exidx_end = .
                0x08007758                __etext = .
                0x08007758                _sidata = __etext

.data           0x20000000      0x994 load address 0x08007758
                0x20000000                __data_start__ = .
                0x20000000                _sdata = __data_start__
 *(vtable)
 *(.data*)
 .data          0x20000000        0x4 ..\obj\system_stm32f1xx.o
                0x20000000                SystemCoreClock
 .data          0x20000004       0x34 ..\obj\usbd_desc.o
                0x20000004                FS_Desc
                0x20000020                USBD_FS_DeviceDesc
                0x20000034                USBD_LangIDDesc
 .data          0x20000038      0x10f ..\obj\usbd_cdc.o
                0x20000044                USBD_CDC
                0x2000007c                USBD_CDC_CfgHSDesc
                0x200000c0                USBD_CDC_CfgFSDesc
                0x20000104                USBD_CDC_OtherSpeedCfgDesc
 *fill*         0x20000147        0x1 
 .data          0x20000148       0x10 ..\obj\usbd_cdc_if.o
                0x20000148                USBD_Interface_fops_FS
 .data.impure_data
                0x20000158      0x428 c:/program files (x86)/gnu tools arm embedded/5.3 2016q1/bin/../lib/gcc/arm-none-eabi/5.3.1/../../../../arm-none-eabi/lib/armv7-m\libc.a(lib_a-impure.o)
 .data._impure_ptr
                0x20000580        0x4 c:/program files (x86)/gnu tools arm embedded/5.3 2016q1/bin/../lib/gcc/arm-none-eabi/5.3.1/../../../../arm-none-eabi/lib/armv7-m\libc.a(lib_a-impure.o)
                0x20000580                _impure_ptr
 .data.__malloc_av_
                0x20000584      0x408 c:/program files (x86)/gnu tools arm embedded/5.3 2016q1/bin/../lib/gcc/arm-none-eabi/5.3.1/../../../../arm-none-eabi/lib/armv7-m\libc.a(lib_a-mallocr.o)
                0x20000584                __malloc_av_
 .data.__malloc_trim_threshold
                0x2000098c        0x4 c:/program files (x86)/gnu tools arm embedded/5.3 2016q1/bin/../lib/gcc/arm-none-eabi/5.3.1/../../../../arm-none-eabi/lib/armv7-m\libc.a(lib_a-mallocr.o)
                0x2000098c                __malloc_trim_threshold
 .data.__malloc_sbrk_base
                0x20000990        0x4 c:/program files (x86)/gnu tools arm embedded/5.3 2016q1/bin/../lib/gcc/arm-none-eabi/5.3.1/../../../../arm-none-eabi/lib/armv7-m\libc.a(lib_a-mallocr.o)
                0x20000990                __malloc_sbrk_base
                0x20000994                . = ALIGN (0x4)
                [!provide]                PROVIDE (__preinit_array_start, .)
 *(.preinit_array)
                [!provide]                PROVIDE (__preinit_array_end, .)
                0x20000994                . = ALIGN (0x4)
                [!provide]                PROVIDE (__init_array_start, .)
 *(SORT(.init_array.*))
 *(.init_array)
                [!provide]                PROVIDE (__init_array_end, .)
                0x20000994                . = ALIGN (0x4)
                [!provide]                PROVIDE (__fini_array_start, .)
 *(SORT(.fini_array.*))
 *(.fini_array)
                [!provide]                PROVIDE (__fini_array_end, .)
 *(.jcr*)
                0x20000994                . = ALIGN (0x4)
                0x20000994                __data_end__ = .
                0x20000994                _edata = __data_end__

.igot.plt       0x20000994        0x0 load address 0x080080ec
 .igot.plt      0x20000994        0x0 ..\obj\stm32f1xx_hal_rcc_ex.o

.bss            0x20000994      0xbe8 load address 0x080080ec
                0x20000994                . = ALIGN (0x4)
                0x20000994                __bss_start__ = .
                0x20000994                _sbss = __bss_start__
 *(.bss*)
 .bss           0x20000994        0x4 ..\obj\stm32f1xx_hal.o
 .bss           0x20000998      0x220 ..\obj\usbd_conf.o
 .bss           0x20000bb8        0x4 ..\obj\syscalls.o
 .bss           0x20000bbc        0x1 ..\obj\usbd_cdc.o
 .bss           0x20000bbd        0x1 ..\obj\usbd_ctlreq.o
 *fill*         0x20000bbe        0x2 
 .bss.__malloc_top_pad
                0x20000bc0        0x4 c:/program files (x86)/gnu tools arm embedded/5.3 2016q1/bin/../lib/gcc/arm-none-eabi/5.3.1/../../../../arm-none-eabi/lib/armv7-m\libc.a(lib_a-mallocr.o)
                0x20000bc0                __malloc_top_pad
 .bss.__malloc_current_mallinfo
                0x20000bc4       0x28 c:/program files (x86)/gnu tools arm embedded/5.3 2016q1/bin/../lib/gcc/arm-none-eabi/5.3.1/../../../../arm-none-eabi/lib/armv7-m\libc.a(lib_a-mallocr.o)
                0x20000bc4                __malloc_current_mallinfo
 *(COMMON)
 COMMON         0x20000bec       0x44 ..\obj\uart.o
                0x20000bec                huart1
 COMMON         0x20000c30      0x200 ..\obj\usbd_desc.o
                0x20000c30                USBD_StrDesc
 COMMON         0x20000e30      0x420 ..\obj\usbd_conf.o
                0x20000e30                hpcd_USB_FS
 COMMON         0x20001250      0x104 ..\obj\usbd_cdc_if.o
                0x20001250                hUsbDevice_0
                0x20001254                UserRxBufferFS
                0x200012d4                UserTxBufferFS
 COMMON         0x20001354      0x224 ..\obj\usb_device.o
                0x20001354                hUsbDeviceFS
 COMMON         0x20001578        0x4 c:/program files (x86)/gnu tools arm embedded/5.3 2016q1/bin/../lib/gcc/arm-none-eabi/5.3.1/../../../../arm-none-eabi/lib/armv7-m\libc.a(lib_a-reent.o)
                0x20001578                errno
                0x2000157c                . = ALIGN (0x4)
                0x2000157c                __bss_end__ = .
                0x2000157c                _ebss = __bss_end__

.heap           0x2000157c        0x0
                0x2000157c                __end__ = .
                0x2000157c                _end = __end__
                0x2000157c                end = __end__
 *(.heap*)
                0x2000157c                __HeapLimit = .

.co_stack       0x2000157c        0x4 load address 0x08008cd4
                0x20001580                . = ALIGN (0x8)
 *fill*         0x2000157c        0x4 
 *(.co_stack .co_stack.*)
                0x20005000                __StackTop = (ORIGIN (ram) + LENGTH (ram))
                0x20004ffc                __StackLimit = (__StackTop - SIZEOF (.co_stack))
                [!provide]                PROVIDE (__stack, __StackTop)
                0x00000001                ASSERT ((__StackLimit >= __HeapLimit), region ram  overflowed with stack)
LOAD ..\obj\stm32f1xx_hal_rcc_ex.o
LOAD ..\obj\semihosting.o
LOAD ..\obj\stm32f1xx_hal_pwr.o
LOAD ..\obj\stm32f1xx_hal_can.o
LOAD ..\obj\stm32f1xx_hal.o
LOAD ..\obj\keyscanner.o
LOAD ..\obj\stm32f1xx_it.o
LOAD ..\obj\stm32f1xx_hal_dac.o
LOAD ..\obj\stm32f1xx_hal_gpio_ex.o
LOAD ..\obj\stm32f1xx_hal_wwdg.o
LOAD ..\obj\stm32f1xx_hal_cortex.o
LOAD ..\obj\stm32f1xx_hal_crc.o
LOAD ..\obj\stm32f1xx_hal_iwdg.o
LOAD ..\obj\system_stm32f1xx.o
LOAD ..\obj\stm32f1xx_hal_rcc.o
LOAD ..\obj\uart.o
LOAD ..\obj\stm32f1xx_hal_dac_ex.o
LOAD ..\obj\stm32f1xx_hal_adc.o
LOAD ..\obj\stm32f1xx_hal_i2s.o
LOAD ..\obj\stm32f1xx_hal_smartcard.o
LOAD ..\obj\stm32f1xx_hal_pcd.o
LOAD ..\obj\stm32f1xx_hal_uart.o
LOAD ..\obj\usbd_core.o
LOAD ..\obj\main.o
LOAD ..\obj\startup_stm32f103xb.o
LOAD ..\obj\stm32f1xx_hal_usart.o
LOAD ..\obj\stm32f1xx_hal_nor.o
LOAD ..\obj\stm32f1xx_ll_usb.o
LOAD ..\obj\printf.o
LOAD ..\obj\stm32f1xx_hal_spi_ex.o
LOAD ..\obj\stm32f1xx_hal_cec.o
LOAD ..\obj\stm32f1xx_hal_hcd.o
LOAD ..\obj\stm32f1xx_hal_flash.o
LOAD ..\obj\stm32f1xx_hal_gpio.o
LOAD ..\obj\stm32f1xx_hal_dma.o
LOAD ..\obj\usbd_desc.o
LOAD ..\obj\usbd_conf.o
LOAD ..\obj\stm32f1xx_hal_adc_ex.o
LOAD ..\obj\stm32f1xx_hal_irda.o
LOAD ..\obj\stm32f1xx_hal_sd.o
LOAD ..\obj\sh_cmd.o
LOAD ..\obj\stm32f1xx_hal_spi.o
LOAD ..\obj\syscalls.o
LOAD ..\obj\stm32f1xx_hal_i2c.o
LOAD ..\obj\stm32f1xx_hal_msp.o
LOAD ..\obj\usb_ctrl.o
LOAD ..\obj\stm32f1xx_hal_eth.o
LOAD ..\obj\stm32f1xx_ll_fsmc.o
LOAD ..\obj\usbd_cdc.o
LOAD ..\obj\stm32f1xx_hal_rtc.o
LOAD ..\obj\stm32f1xx_hal_tim.o
LOAD ..\obj\stm32f1xx_hal_flash_ex.o
LOAD ..\obj\usbd_ctlreq.o
LOAD ..\obj\stm32f1xx_hal_pcd_ex.o
LOAD ..\obj\usbd_cdc_if.o
LOAD ..\obj\stm32f1xx_hal_nand.o
LOAD ..\obj\usbd_ioreq.o
LOAD ..\obj\stm32f1xx_hal_pccard.o
LOAD ..\obj\stm32f1xx_hal_sram.o
LOAD ..\obj\usb_device.o
LOAD ..\obj\stm32f1xx_hal_rtc_ex.o
LOAD ..\obj\stm32f1xx_hal_tim_ex.o
LOAD ..\obj\stm32f1xx_ll_sdmmc.o
LOAD c:/program files (x86)/gnu tools arm embedded/5.3 2016q1/bin/../lib/gcc/arm-none-eabi/5.3.1/../../../../arm-none-eabi/lib/armv7-m\libm.a
LOAD c:/program files (x86)/gnu tools arm embedded/5.3 2016q1/bin/../lib/gcc/arm-none-eabi/5.3.1/armv7-m\libgcc.a
LOAD c:/program files (x86)/gnu tools arm embedded/5.3 2016q1/bin/../lib/gcc/arm-none-eabi/5.3.1/../../../../arm-none-eabi/lib/armv7-m\libc.a
START GROUP
LOAD c:/program files (x86)/gnu tools arm embedded/5.3 2016q1/bin/../lib/gcc/arm-none-eabi/5.3.1/armv7-m\libgcc.a
LOAD c:/program files (x86)/gnu tools arm embedded/5.3 2016q1/bin/../lib/gcc/arm-none-eabi/5.3.1/../../../../arm-none-eabi/lib/armv7-m\libg.a
LOAD c:/program files (x86)/gnu tools arm embedded/5.3 2016q1/bin/../lib/gcc/arm-none-eabi/5.3.1/../../../../arm-none-eabi/lib/armv7-m\libc.a
END GROUP
OUTPUT(cdctest.elf elf32-littlearm)

.debug_info     0x00000000     0xdcdf
 .debug_info    0x00000000      0x541 ..\obj\stm32f1xx_hal_rcc_ex.o
 .debug_info    0x00000541      0x5e3 ..\obj\stm32f1xx_hal.o
 .debug_info    0x00000b24      0x2e7 ..\obj\keyscanner.o
 .debug_info    0x00000e0b      0x904 ..\obj\stm32f1xx_it.o
 .debug_info    0x0000170f      0xabf ..\obj\stm32f1xx_hal_cortex.o
 .debug_info    0x000021ce      0x3be ..\obj\system_stm32f1xx.o
 .debug_info    0x0000258c     0x16ba ..\obj\stm32f1xx_hal_rcc.o
 .debug_info    0x00003c46      0x4e0 ..\obj\uart.o
 .debug_info    0x00004126      0xcb6 ..\obj\stm32f1xx_hal_pcd.o
 .debug_info    0x00004ddc      0x90a ..\obj\usbd_core.o
 .debug_info    0x000056e6      0x504 ..\obj\main.o
 .debug_info    0x00005bea       0xa2 ..\obj\startup_stm32f103xb.o
 .debug_info    0x00005c8c      0xd8a ..\obj\stm32f1xx_hal_usart.o
 .debug_info    0x00006a16      0xe64 ..\obj\stm32f1xx_ll_usb.o
 .debug_info    0x0000787a      0xe28 ..\obj\printf.o
 .debug_info    0x000086a2      0x5f5 ..\obj\stm32f1xx_hal_gpio.o
 .debug_info    0x00008c97      0x37e ..\obj\usbd_desc.o
 .debug_info    0x00009015     0x12ae ..\obj\usbd_conf.o
 .debug_info    0x0000a2c3       0x7c ..\obj\sh_cmd.o
 .debug_info    0x0000a33f      0x3f5 ..\obj\syscalls.o
 .debug_info    0x0000a734      0x7ce ..\obj\stm32f1xx_hal_msp.o
 .debug_info    0x0000af02      0x20f ..\obj\usb_ctrl.o
 .debug_info    0x0000b111      0xa56 ..\obj\usbd_cdc.o
 .debug_info    0x0000bb67      0x86b ..\obj\usbd_ctlreq.o
 .debug_info    0x0000c3d2      0x5a2 ..\obj\stm32f1xx_hal_pcd_ex.o
 .debug_info    0x0000c974      0x770 ..\obj\usbd_cdc_if.o
 .debug_info    0x0000d0e4      0x66b ..\obj\usbd_ioreq.o
 .debug_info    0x0000d74f      0x590 ..\obj\usb_device.o

.debug_abbrev   0x00000000     0x2b62
 .debug_abbrev  0x00000000      0x1eb ..\obj\stm32f1xx_hal_rcc_ex.o
 .debug_abbrev  0x000001eb      0x1f8 ..\obj\stm32f1xx_hal.o
 .debug_abbrev  0x000003e3      0x171 ..\obj\keyscanner.o
 .debug_abbrev  0x00000554      0x168 ..\obj\stm32f1xx_it.o
 .debug_abbrev  0x000006bc      0x270 ..\obj\stm32f1xx_hal_cortex.o
 .debug_abbrev  0x0000092c      0x122 ..\obj\system_stm32f1xx.o
 .debug_abbrev  0x00000a4e      0x2a7 ..\obj\stm32f1xx_hal_rcc.o
 .debug_abbrev  0x00000cf5      0x13c ..\obj\uart.o
 .debug_abbrev  0x00000e31      0x232 ..\obj\stm32f1xx_hal_pcd.o
 .debug_abbrev  0x00001063      0x1bd ..\obj\usbd_core.o
 .debug_abbrev  0x00001220      0x147 ..\obj\main.o
 .debug_abbrev  0x00001367       0x12 ..\obj\startup_stm32f103xb.o
 .debug_abbrev  0x00001379      0x20c ..\obj\stm32f1xx_hal_usart.o
 .debug_abbrev  0x00001585      0x18e ..\obj\stm32f1xx_ll_usb.o
 .debug_abbrev  0x00001713      0x251 ..\obj\printf.o
 .debug_abbrev  0x00001964      0x1ac ..\obj\stm32f1xx_hal_gpio.o
 .debug_abbrev  0x00001b10      0x13c ..\obj\usbd_desc.o
 .debug_abbrev  0x00001c4c      0x25e ..\obj\usbd_conf.o
 .debug_abbrev  0x00001eaa       0x14 ..\obj\sh_cmd.o
 .debug_abbrev  0x00001ebe       0xe5 ..\obj\syscalls.o
 .debug_abbrev  0x00001fa3      0x143 ..\obj\stm32f1xx_hal_msp.o
 .debug_abbrev  0x000020e6      0x107 ..\obj\usb_ctrl.o
 .debug_abbrev  0x000021ed      0x1e2 ..\obj\usbd_cdc.o
 .debug_abbrev  0x000023cf      0x1ed ..\obj\usbd_ctlreq.o
 .debug_abbrev  0x000025bc      0x15c ..\obj\stm32f1xx_hal_pcd_ex.o
 .debug_abbrev  0x00002718      0x1e7 ..\obj\usbd_cdc_if.o
 .debug_abbrev  0x000028ff      0x12d ..\obj\usbd_ioreq.o
 .debug_abbrev  0x00002a2c      0x136 ..\obj\usb_device.o

.debug_aranges  0x00000000      0xcf8
 .debug_aranges
                0x00000000       0x30 ..\obj\stm32f1xx_hal_rcc_ex.o
 .debug_aranges
                0x00000030       0xb0 ..\obj\stm32f1xx_hal.o
 .debug_aranges
                0x000000e0       0x40 ..\obj\keyscanner.o
 .debug_aranges
                0x00000120       0x60 ..\obj\stm32f1xx_it.o
 .debug_aranges
                0x00000180      0x100 ..\obj\stm32f1xx_hal_cortex.o
 .debug_aranges
                0x00000280       0x28 ..\obj\system_stm32f1xx.o
 .debug_aranges
                0x000002a8       0x88 ..\obj\stm32f1xx_hal_rcc.o
 .debug_aranges
                0x00000330       0x28 ..\obj\uart.o
 .debug_aranges
                0x00000358      0x120 ..\obj\stm32f1xx_hal_pcd.o
 .debug_aranges
                0x00000478       0xb8 ..\obj\usbd_core.o
 .debug_aranges
                0x00000530       0x30 ..\obj\main.o
 .debug_aranges
                0x00000560       0x28 ..\obj\startup_stm32f103xb.o
 .debug_aranges
                0x00000588      0x138 ..\obj\stm32f1xx_hal_usart.o
 .debug_aranges
                0x000006c0      0x100 ..\obj\stm32f1xx_ll_usb.o
 .debug_aranges
                0x000007c0       0xa0 ..\obj\printf.o
 .debug_aranges
                0x00000860       0x58 ..\obj\stm32f1xx_hal_gpio.o
 .debug_aranges
                0x000008b8       0x50 ..\obj\usbd_desc.o
 .debug_aranges
                0x00000908      0x110 ..\obj\usbd_conf.o
 .debug_aranges
                0x00000a18       0x20 ..\obj\sh_cmd.o
 .debug_aranges
                0x00000a38       0x60 ..\obj\syscalls.o
 .debug_aranges
                0x00000a98       0x30 ..\obj\stm32f1xx_hal_msp.o
 .debug_aranges
                0x00000ac8       0x40 ..\obj\usb_ctrl.o
 .debug_aranges
                0x00000b08       0x90 ..\obj\usbd_cdc.o
 .debug_aranges
                0x00000b98       0x88 ..\obj\usbd_ctlreq.o
 .debug_aranges
                0x00000c20       0x28 ..\obj\stm32f1xx_hal_pcd_ex.o
 .debug_aranges
                0x00000c48       0x40 ..\obj\usbd_cdc_if.o
 .debug_aranges
                0x00000c88       0x50 ..\obj\usbd_ioreq.o
 .debug_aranges
                0x00000cd8       0x20 ..\obj\usb_device.o

.debug_ranges   0x00000000      0xb30
 .debug_ranges  0x00000000       0x20 ..\obj\stm32f1xx_hal_rcc_ex.o
 .debug_ranges  0x00000020       0xa0 ..\obj\stm32f1xx_hal.o
 .debug_ranges  0x000000c0       0x30 ..\obj\keyscanner.o
 .debug_ranges  0x000000f0       0x50 ..\obj\stm32f1xx_it.o
 .debug_ranges  0x00000140       0xf0 ..\obj\stm32f1xx_hal_cortex.o
 .debug_ranges  0x00000230       0x18 ..\obj\system_stm32f1xx.o
 .debug_ranges  0x00000248       0x78 ..\obj\stm32f1xx_hal_rcc.o
 .debug_ranges  0x000002c0       0x18 ..\obj\uart.o
 .debug_ranges  0x000002d8      0x110 ..\obj\stm32f1xx_hal_pcd.o
 .debug_ranges  0x000003e8       0xa8 ..\obj\usbd_core.o
 .debug_ranges  0x00000490       0x20 ..\obj\main.o
 .debug_ranges  0x000004b0       0x20 ..\obj\startup_stm32f103xb.o
 .debug_ranges  0x000004d0      0x128 ..\obj\stm32f1xx_hal_usart.o
 .debug_ranges  0x000005f8       0xf0 ..\obj\stm32f1xx_ll_usb.o
 .debug_ranges  0x000006e8       0x90 ..\obj\printf.o
 .debug_ranges  0x00000778       0x48 ..\obj\stm32f1xx_hal_gpio.o
 .debug_ranges  0x000007c0       0x40 ..\obj\usbd_desc.o
 .debug_ranges  0x00000800      0x100 ..\obj\usbd_conf.o
 .debug_ranges  0x00000900       0x50 ..\obj\syscalls.o
 .debug_ranges  0x00000950       0x20 ..\obj\stm32f1xx_hal_msp.o
 .debug_ranges  0x00000970       0x30 ..\obj\usb_ctrl.o
 .debug_ranges  0x000009a0       0x80 ..\obj\usbd_cdc.o
 .debug_ranges  0x00000a20       0x78 ..\obj\usbd_ctlreq.o
 .debug_ranges  0x00000a98       0x18 ..\obj\stm32f1xx_hal_pcd_ex.o
 .debug_ranges  0x00000ab0       0x30 ..\obj\usbd_cdc_if.o
 .debug_ranges  0x00000ae0       0x40 ..\obj\usbd_ioreq.o
 .debug_ranges  0x00000b20       0x10 ..\obj\usb_device.o

.debug_line     0x00000000     0x666b
 .debug_line    0x00000000      0x388 ..\obj\stm32f1xx_hal_rcc_ex.o
 .debug_line    0x00000388      0x38b ..\obj\stm32f1xx_hal.o
 .debug_line    0x00000713      0x273 ..\obj\keyscanner.o
 .debug_line    0x00000986      0x2f2 ..\obj\stm32f1xx_it.o
 .debug_line    0x00000c78      0x474 ..\obj\stm32f1xx_hal_cortex.o
 .debug_line    0x000010ec      0x220 ..\obj\system_stm32f1xx.o
 .debug_line    0x0000130c      0xd31 ..\obj\stm32f1xx_hal_rcc.o
 .debug_line    0x0000203d      0x235 ..\obj\uart.o
 .debug_line    0x00002272      0x72a ..\obj\stm32f1xx_hal_pcd.o
 .debug_line    0x0000299c      0x3b9 ..\obj\usbd_core.o
 .debug_line    0x00002d55      0x251 ..\obj\main.o
 .debug_line    0x00002fa6       0xae ..\obj\startup_stm32f103xb.o
 .debug_line    0x00003054      0x95f ..\obj\stm32f1xx_hal_usart.o
 .debug_line    0x000039b3      0x6a2 ..\obj\stm32f1xx_ll_usb.o
 .debug_line    0x00004055      0x363 ..\obj\printf.o
 .debug_line    0x000043b8      0x421 ..\obj\stm32f1xx_hal_gpio.o
 .debug_line    0x000047d9      0x227 ..\obj\usbd_desc.o
 .debug_line    0x00004a00      0x4ca ..\obj\usbd_conf.o
 .debug_line    0x00004eca       0x6b ..\obj\sh_cmd.o
 .debug_line    0x00004f35      0x172 ..\obj\syscalls.o
 .debug_line    0x000050a7      0x278 ..\obj\stm32f1xx_hal_msp.o
 .debug_line    0x0000531f      0x23f ..\obj\usb_ctrl.o
 .debug_line    0x0000555e      0x3a4 ..\obj\usbd_cdc.o
 .debug_line    0x00005902      0x413 ..\obj\usbd_ctlreq.o
 .debug_line    0x00005d15      0x264 ..\obj\stm32f1xx_hal_pcd_ex.o
 .debug_line    0x00005f79      0x25f ..\obj\usbd_cdc_if.o
 .debug_line    0x000061d8      0x254 ..\obj\usbd_ioreq.o
 .debug_line    0x0000642c      0x23f ..\obj\usb_device.o

.debug_str      0x00000000     0x369a
 .debug_str     0x00000000      0x352 ..\obj\stm32f1xx_hal_rcc_ex.o
                                0x3b7 (size before relaxing)
 .debug_str     0x00000352      0x4e6 ..\obj\stm32f1xx_hal.o
                                0x6fe (size before relaxing)
 .debug_str     0x00000838      0x11b ..\obj\keyscanner.o
                                0x2be (size before relaxing)
 .debug_str     0x00000953      0x69d ..\obj\stm32f1xx_it.o
                                0x877 (size before relaxing)
 .debug_str     0x00000ff0      0x305 ..\obj\stm32f1xx_hal_cortex.o
                                0x8b5 (size before relaxing)
 .debug_str     0x000012f5       0x93 ..\obj\system_stm32f1xx.o
                                0x2ce (size before relaxing)
 .debug_str     0x00001388      0x2c9 ..\obj\stm32f1xx_hal_rcc.o
                                0x5d2 (size before relaxing)
 .debug_str     0x00001651       0x37 ..\obj\uart.o
                                0x541 (size before relaxing)
 .debug_str     0x00001688      0x3c8 ..\obj\stm32f1xx_hal_pcd.o
                                0x88b (size before relaxing)
 .debug_str     0x00001a50      0x4ea ..\obj\usbd_core.o
                                0x729 (size before relaxing)
 .debug_str     0x00001f3a       0x50 ..\obj\main.o
                                0x677 (size before relaxing)
 .debug_str     0x00001f8a      0x35d ..\obj\stm32f1xx_hal_usart.o
                                0x8ff (size before relaxing)
 .debug_str     0x000022e7      0x2e9 ..\obj\stm32f1xx_ll_usb.o
                                0x71a (size before relaxing)
 .debug_str     0x000025d0      0x49e ..\obj\printf.o
                                0x64a (size before relaxing)
 .debug_str     0x00002a6e      0x19b ..\obj\stm32f1xx_hal_gpio.o
                                0x410 (size before relaxing)
 .debug_str     0x00002c09      0x127 ..\obj\usbd_desc.o
                                0x3c6 (size before relaxing)
 .debug_str     0x00002d30      0x172 ..\obj\usbd_conf.o
                                0xe80 (size before relaxing)
 .debug_str     0x00002ea2      0x127 ..\obj\syscalls.o
                                0x2bb (size before relaxing)
 .debug_str     0x00002fc9       0x42 ..\obj\stm32f1xx_hal_msp.o
                                0x8c5 (size before relaxing)
 .debug_str     0x0000300b       0x88 ..\obj\usb_ctrl.o
                                0x27b (size before relaxing)
 .debug_str     0x00003093      0x299 ..\obj\usbd_cdc.o
                                0x810 (size before relaxing)
 .debug_str     0x0000332c      0x137 ..\obj\usbd_ctlreq.o
                                0x6af (size before relaxing)
 .debug_str     0x00003463       0x68 ..\obj\stm32f1xx_hal_pcd_ex.o
                                0x547 (size before relaxing)
 .debug_str     0x000034cb       0xbd ..\obj\usbd_cdc_if.o
                                0x6b3 (size before relaxing)
 .debug_str     0x00003588       0xda ..\obj\usbd_ioreq.o
                                0x637 (size before relaxing)
 .debug_str     0x00003662       0x38 ..\obj\usb_device.o
                                0x5cb (size before relaxing)

.comment        0x00000000       0x6e
 .comment       0x00000000       0x6e ..\obj\stm32f1xx_hal_rcc_ex.o
                                 0x6f (size before relaxing)
 .comment       0x0000006e       0x6f ..\obj\stm32f1xx_hal.o
 .comment       0x0000006e       0x6f ..\obj\keyscanner.o
 .comment       0x0000006e       0x6f ..\obj\stm32f1xx_it.o
 .comment       0x0000006e       0x6f ..\obj\stm32f1xx_hal_cortex.o
 .comment       0x0000006e       0x6f ..\obj\system_stm32f1xx.o
 .comment       0x0000006e       0x6f ..\obj\stm32f1xx_hal_rcc.o
 .comment       0x0000006e       0x6f ..\obj\uart.o
 .comment       0x0000006e       0x6f ..\obj\stm32f1xx_hal_pcd.o
 .comment       0x0000006e       0x6f ..\obj\usbd_core.o
 .comment       0x0000006e       0x6f ..\obj\main.o
 .comment       0x0000006e       0x6f ..\obj\stm32f1xx_hal_usart.o
 .comment       0x0000006e       0x6f ..\obj\stm32f1xx_ll_usb.o
 .comment       0x0000006e       0x6f ..\obj\printf.o
 .comment       0x0000006e       0x6f ..\obj\stm32f1xx_hal_gpio.o
 .comment       0x0000006e       0x6f ..\obj\usbd_desc.o
 .comment       0x0000006e       0x6f ..\obj\usbd_conf.o
 .comment       0x0000006e       0x6f ..\obj\syscalls.o
 .comment       0x0000006e       0x6f ..\obj\stm32f1xx_hal_msp.o
 .comment       0x0000006e       0x6f ..\obj\usb_ctrl.o
 .comment       0x0000006e       0x6f ..\obj\usbd_cdc.o
 .comment       0x0000006e       0x6f ..\obj\usbd_ctlreq.o
 .comment       0x0000006e       0x6f ..\obj\stm32f1xx_hal_pcd_ex.o
 .comment       0x0000006e       0x6f ..\obj\usbd_cdc_if.o
 .comment       0x0000006e       0x6f ..\obj\usbd_ioreq.o
 .comment       0x0000006e       0x6f ..\obj\usb_device.o

.ARM.attributes
                0x00000000       0x31
 .ARM.attributes
                0x00000000       0x33 ..\obj\stm32f1xx_hal_rcc_ex.o
 .ARM.attributes
                0x00000033       0x33 ..\obj\stm32f1xx_hal.o
 .ARM.attributes
                0x00000066       0x33 ..\obj\keyscanner.o
 .ARM.attributes
                0x00000099       0x33 ..\obj\stm32f1xx_it.o
 .ARM.attributes
                0x000000cc       0x33 ..\obj\stm32f1xx_hal_cortex.o
 .ARM.attributes
                0x000000ff       0x33 ..\obj\system_stm32f1xx.o
 .ARM.attributes
                0x00000132       0x33 ..\obj\stm32f1xx_hal_rcc.o
 .ARM.attributes
                0x00000165       0x33 ..\obj\uart.o
 .ARM.attributes
                0x00000198       0x33 ..\obj\stm32f1xx_hal_pcd.o
 .ARM.attributes
                0x000001cb       0x33 ..\obj\usbd_core.o
 .ARM.attributes
                0x000001fe       0x33 ..\obj\main.o
 .ARM.attributes
                0x00000231       0x21 ..\obj\startup_stm32f103xb.o
 .ARM.attributes
                0x00000252       0x33 ..\obj\stm32f1xx_hal_usart.o
 .ARM.attributes
                0x00000285       0x33 ..\obj\stm32f1xx_ll_usb.o
 .ARM.attributes
                0x000002b8       0x33 ..\obj\printf.o
 .ARM.attributes
                0x000002eb       0x33 ..\obj\stm32f1xx_hal_gpio.o
 .ARM.attributes
                0x0000031e       0x33 ..\obj\usbd_desc.o
 .ARM.attributes
                0x00000351       0x33 ..\obj\usbd_conf.o
 .ARM.attributes
                0x00000384       0x21 ..\obj\sh_cmd.o
 .ARM.attributes
                0x000003a5       0x33 ..\obj\syscalls.o
 .ARM.attributes
                0x000003d8       0x33 ..\obj\stm32f1xx_hal_msp.o
 .ARM.attributes
                0x0000040b       0x33 ..\obj\usb_ctrl.o
 .ARM.attributes
                0x0000043e       0x33 ..\obj\usbd_cdc.o
 .ARM.attributes
                0x00000471       0x33 ..\obj\usbd_ctlreq.o
 .ARM.attributes
                0x000004a4       0x33 ..\obj\stm32f1xx_hal_pcd_ex.o
 .ARM.attributes
                0x000004d7       0x33 ..\obj\usbd_cdc_if.o
 .ARM.attributes
                0x0000050a       0x33 ..\obj\usbd_ioreq.o
 .ARM.attributes
                0x0000053d       0x33 ..\obj\usb_device.o
 .ARM.attributes
                0x00000570       0x2d c:/program files (x86)/gnu tools arm embedded/5.3 2016q1/bin/../lib/gcc/arm-none-eabi/5.3.1/../../../../arm-none-eabi/lib/armv7-m\libc.a(lib_a-impure.o)
 .ARM.attributes
                0x0000059d       0x2d c:/program files (x86)/gnu tools arm embedded/5.3 2016q1/bin/../lib/gcc/arm-none-eabi/5.3.1/../../../../arm-none-eabi/lib/armv7-m\libc.a(lib_a-malloc.o)
 .ARM.attributes
                0x000005ca       0x2d c:/program files (x86)/gnu tools arm embedded/5.3 2016q1/bin/../lib/gcc/arm-none-eabi/5.3.1/../../../../arm-none-eabi/lib/armv7-m\libc.a(lib_a-mallocr.o)
 .ARM.attributes
                0x000005f7       0x2d c:/program files (x86)/gnu tools arm embedded/5.3 2016q1/bin/../lib/gcc/arm-none-eabi/5.3.1/../../../../arm-none-eabi/lib/armv7-m\libc.a(lib_a-mlock.o)
 .ARM.attributes
                0x00000624       0x2d c:/program files (x86)/gnu tools arm embedded/5.3 2016q1/bin/../lib/gcc/arm-none-eabi/5.3.1/../../../../arm-none-eabi/lib/armv7-m\libc.a(lib_a-sbrkr.o)
 .ARM.attributes
                0x00000651       0x2d c:/program files (x86)/gnu tools arm embedded/5.3 2016q1/bin/../lib/gcc/arm-none-eabi/5.3.1/../../../../arm-none-eabi/lib/armv7-m\libc.a(lib_a-freer.o)
 .ARM.attributes
                0x0000067e       0x2d c:/program files (x86)/gnu tools arm embedded/5.3 2016q1/bin/../lib/gcc/arm-none-eabi/5.3.1/../../../../arm-none-eabi/lib/armv7-m\libc.a(lib_a-reent.o)

.debug_frame    0x00000000     0x32dc
 .debug_frame   0x00000000       0x84 ..\obj\stm32f1xx_hal_rcc_ex.o
 .debug_frame   0x00000084      0x278 ..\obj\stm32f1xx_hal.o
 .debug_frame   0x000002fc       0xcc ..\obj\keyscanner.o
 .debug_frame   0x000003c8       0xfc ..\obj\stm32f1xx_it.o
 .debug_frame   0x000004c4      0x428 ..\obj\stm32f1xx_hal_cortex.o
 .debug_frame   0x000008ec       0x58 ..\obj\system_stm32f1xx.o
 .debug_frame   0x00000944      0x220 ..\obj\stm32f1xx_hal_rcc.o
 .debug_frame   0x00000b64       0x50 ..\obj\uart.o
 .debug_frame   0x00000bb4      0x4fc ..\obj\stm32f1xx_hal_pcd.o
 .debug_frame   0x000010b0      0x300 ..\obj\usbd_core.o
 .debug_frame   0x000013b0       0x80 ..\obj\main.o
 .debug_frame   0x00001430      0x568 ..\obj\stm32f1xx_hal_usart.o
 .debug_frame   0x00001998      0x4b0 ..\obj\stm32f1xx_ll_usb.o
 .debug_frame   0x00001e48      0x2d8 ..\obj\printf.o
 .debug_frame   0x00002120      0x14c ..\obj\stm32f1xx_hal_gpio.o
 .debug_frame   0x0000226c      0x114 ..\obj\usbd_desc.o
 .debug_frame   0x00002380      0x478 ..\obj\usbd_conf.o
 .debug_frame   0x000027f8      0x168 ..\obj\syscalls.o
 .debug_frame   0x00002960       0x7c ..\obj\stm32f1xx_hal_msp.o
 .debug_frame   0x000029dc       0xa4 ..\obj\usb_ctrl.o
 .debug_frame   0x00002a80      0x24c ..\obj\usbd_cdc.o
 .debug_frame   0x00002ccc      0x210 ..\obj\usbd_ctlreq.o
 .debug_frame   0x00002edc       0x60 ..\obj\stm32f1xx_hal_pcd_ex.o
 .debug_frame   0x00002f3c       0xbc ..\obj\usbd_cdc_if.o
 .debug_frame   0x00002ff8      0x10c ..\obj\usbd_ioreq.o
 .debug_frame   0x00003104       0x2c ..\obj\usb_device.o
 .debug_frame   0x00003130       0x30 c:/program files (x86)/gnu tools arm embedded/5.3 2016q1/bin/../lib/gcc/arm-none-eabi/5.3.1/../../../../arm-none-eabi/lib/armv7-m\libc.a(lib_a-malloc.o)
 .debug_frame   0x00003160       0x54 c:/program files (x86)/gnu tools arm embedded/5.3 2016q1/bin/../lib/gcc/arm-none-eabi/5.3.1/../../../../arm-none-eabi/lib/armv7-m\libc.a(lib_a-mallocr.o)
 .debug_frame   0x000031b4       0x30 c:/program files (x86)/gnu tools arm embedded/5.3 2016q1/bin/../lib/gcc/arm-none-eabi/5.3.1/../../../../arm-none-eabi/lib/armv7-m\libc.a(lib_a-mlock.o)
 .debug_frame   0x000031e4       0x2c c:/program files (x86)/gnu tools arm embedded/5.3 2016q1/bin/../lib/gcc/arm-none-eabi/5.3.1/../../../../arm-none-eabi/lib/armv7-m\libc.a(lib_a-sbrkr.o)
 .debug_frame   0x00003210       0x74 c:/program files (x86)/gnu tools arm embedded/5.3 2016q1/bin/../lib/gcc/arm-none-eabi/5.3.1/../../../../arm-none-eabi/lib/armv7-m\libc.a(lib_a-freer.o)
 .debug_frame   0x00003284       0x58 c:/program files (x86)/gnu tools arm embedded/5.3 2016q1/bin/../lib/gcc/arm-none-eabi/5.3.1/../../../../arm-none-eabi/lib/armv7-m\libc.a(lib_a-reent.o)
